{ "Version":"v1", "Subscription": [{"SubName":"CRUDSubscription1","TopicString":"CRUDTopic","ClientID":"statTestConsumer1-1","IsDurable":true,"BufferedMsgs":0,"BufferedMsgsHWM":0,"BufferedPercent":0.0,"MaxMessages":3,"PublishedMsgs":0,"RejectedMsgs":0,"BufferedHWMPercent":0.0,"IsShared":false,"Consumers":0,"DiscardedMsgs":0,"ExpiredMsgs":0,"MessagingPolicy":"CRUDTopicMessagingPolicy"}] }
