{ "Version":"v1", "Queue": [{"Name":"CRUDQueue","Producers":0,"Consumers":0,"BufferedMsgs":0,"BufferedMsgsHWM":0,"BufferedPercent":0.0,"MaxMessages":3,"ProducedMsgs":0,"ConsumedMsgs":0,"RejectedMsgs":0,"BufferedHWMPercent":0.0,"ExpiredMsgs":0}] }
