"Name","Producers","Consumers","BufferedMsgs","BufferedMsgsHWM","BufferedPercent","MaxMessages","ProducedMsgs","ConsumedMsgs","RejectedMsgs","BufferedHWMPercent","ExpiredMsgs"
"CRUDQueue",0,0,3,3,100.0,3,3,0,997,100.0,0
