"Name","Producers","Consumers","BufferedMsgs","BufferedMsgsHWM","BufferedPercent","MaxMessages","ProducedMsgs","ConsumedMsgs","RejectedMsgs","BufferedHWMPercent","ExpiredMsgs"
"CRUDQueue",0,0,0,3,0.0,3,3,3,997,100.0,0
