{ "Version":"v1", "Queue": [{"Name":"CRUDQueue","Producers":0,"Consumers":0,"BufferedMsgs":0,"BufferedMsgsHWM":3,"BufferedPercent":0.0,"MaxMessages":3,"ProducedMsgs":3,"ConsumedMsgs":3,"RejectedMsgs":997,"BufferedHWMPercent":100.0,"ExpiredMsgs":0}] }
