"subscription1","/topic/#","c0001199","True",0,0,0.0,20000000,0,0
"subscription1","/topic/#","c0005124","True",19999925,19999925,99.999625,20000000,0,0
"subscription1","/topic/#","c0007124","True",19999925,19999925,99.999625,20000000,0,0
"subscription1","/topic/#","c0007199","True",0,0,0.0,20000000,0,0
"subscription1","/topic/#","c0004123","True",19999925,19999925,99.999625,20000000,0,0
"subscription1","/topic/#","c0006123","True",19999925,19999925,99.999625,20000000,0,0
"subscription1","/topic/#","c0008123","True",19999925,19999925,99.999625,20000000,0,0
"subscription1","/topic/#","c0007123","True",19999925,19999925,99.999625,20000000,0,0
"subscription1","/topic/#","c0001124","True",19999925,19999925,99.999625,20000000,0,0
"subscription1","/topic/#","c0000123","True",19999925,19999925,99.999625,20000000,0,0
"subscription1","/topic/#","c0000199","True",0,0,0.0,20000000,0,0
"subscription1","/topic/#","c0004199","True",0,0,0.0,20000000,0,0
"subscription1","/topic/#","c0008199","True",0,0,0.0,20000000,0,0
"subscription1","/topic/#","c0002124","True",19999925,19999925,99.999625,20000000,0,0
"subscription1","/topic/#","c0001123","True",19999990,19999990,99.99995,20000000,0,0
"subscription1","/topic/#","c0009124","True",20000000,20000000,100.0,20000000,0,0
"subscription1","/topic/#","c0002199","True",0,0,0.0,20000000,0,0
"subscription1","/topic/#","c0005199","True",0,0,0.0,20000000,0,0
"subscription1","/topic/#","c0009199","True",0,0,0.0,20000000,0,0
"subscription1","/topic/#","c0003124","True",19999925,19999925,99.999625,20000000,0,0
"subscription1","/topic/#","c0006124","True",19999925,19999925,99.999625,20000000,0,0
"subscription1","/topic/#","c0003123","True",19999925,19999925,99.999625,20000000,0,0
"subscription1","/topic/#","c0005123","True",19999985,19999985,99.999925,20000000,0,0
"subscription1","/topic/#","c0003199","True",0,0,0.0,20000000,0,0
"subscription1","/topic/#","c0010199","True",0,0,0.0,20000000,0,0
"subscription1","/topic/#","c0004124","True",19999925,19999925,99.999625,20000000,0,0
"subscription1","/topic/#","c0002123","True",19999925,19999925,99.999625,20000000,0,0
"subscription1","/topic/#","c0008124","True",19999925,19999925,99.999625,20000000,0,0
"subscription1","/topic/#","c0010124","True",19999925,19999925,99.999625,20000000,0,0
"subscription1","/topic/#","c0006199","True",0,0,0.0,20000000,0,0
"subscription1","/topic/#","c0009123","True",19999925,19999925,99.999625,20000000,0,0
"subscription1","/topic/#","c0010123","True",19999925,19999925,99.999625,20000000,0,0

