No monitoring data is found for the specified command.
