"SubName","TopicString","ClientID","IsDurable","BufferedMsgs","BufferedMsgsHWM","BufferedPercent","MaxMessages","PublishedMsgs","RejectedMsgs","BufferedHWMPercent","IsShared","Consumers","DiscardedMsgs","ExpiredMsgs","MessagingPolicy"
"CRUDSubscription1","CRUDTopic","__Shared","True",0,5,0.0,5,5,995,100.0,"True",0,0,0,"CRUDSubscriptionMessagingPolicy"
