{ "Version":"v1", "Subscription": [{"SubName":"CRUDSubscription1","TopicString":"CRUDTopic","ClientID":"__Shared","IsDurable":true,"BufferedMsgs":5,"BufferedMsgsHWM":5,"BufferedPercent":100.0,"MaxMessages":5,"PublishedMsgs":5,"RejectedMsgs":995,"BufferedHWMPercent":100.0,"IsShared":true,"Consumers":0,"DiscardedMsgs":0,"ExpiredMsgs":0,"MessagingPolicy":"CRUDSubscriptionMessagingPolicy"}] }

